../../external/persistence/db/db-4.2.52/java/src/com/sleepycat/db/Db.java
../../external/persistence/db/db-4.2.52/java/src/com/sleepycat/db/DbAppDispatch.java
../../external/persistence/db/db-4.2.52/java/src/com/sleepycat/db/DbAppendRecno.java
../../external/persistence/db/db-4.2.52/java/src/com/sleepycat/db/DbBtreeCompare.java
../../external/persistence/db/db-4.2.52/java/src/com/sleepycat/db/DbBtreePrefix.java
../../external/persistence/db/db-4.2.52/java/src/com/sleepycat/db/DbBtreeStat.java
../../external/persistence/db/db-4.2.52/java/src/com/sleepycat/db/Dbc.java
../../external/persistence/db/db-4.2.52/java/src/com/sleepycat/db/DbClient.java
../../external/persistence/db/db-4.2.52/java/src/com/sleepycat/db/DbDeadlockException.java
../../external/persistence/db/db-4.2.52/java/src/com/sleepycat/db/DbDupCompare.java
../../external/persistence/db/db-4.2.52/java/src/com/sleepycat/db/DbEnv.java
../../external/persistence/db/db-4.2.52/java/src/com/sleepycat/db/DbEnvFeedback.java
../../external/persistence/db/db-4.2.52/java/src/com/sleepycat/db/DbEnvFeedbackHandler.java
../../external/persistence/db/db-4.2.52/java/src/com/sleepycat/db/DbErrcall.java
../../external/persistence/db/db-4.2.52/java/src/com/sleepycat/db/DbErrorHandler.java
../../external/persistence/db/db-4.2.52/java/src/com/sleepycat/db/DbException.java
../../external/persistence/db/db-4.2.52/java/src/com/sleepycat/db/DbFeedback.java
../../external/persistence/db/db-4.2.52/java/src/com/sleepycat/db/DbFeedbackHandler.java
../../external/persistence/db/db-4.2.52/java/src/com/sleepycat/db/DbHash.java
../../external/persistence/db/db-4.2.52/java/src/com/sleepycat/db/DbHashStat.java
../../external/persistence/db/db-4.2.52/java/src/com/sleepycat/db/DbKeyRange.java
../../external/persistence/db/db-4.2.52/java/src/com/sleepycat/db/DbLock.java
../../external/persistence/db/db-4.2.52/java/src/com/sleepycat/db/DbLockNotGrantedException.java
../../external/persistence/db/db-4.2.52/java/src/com/sleepycat/db/DbLockRequest.java
../../external/persistence/db/db-4.2.52/java/src/com/sleepycat/db/DbLockStat.java
../../external/persistence/db/db-4.2.52/java/src/com/sleepycat/db/DbLogc.java
../../external/persistence/db/db-4.2.52/java/src/com/sleepycat/db/DbLogStat.java
../../external/persistence/db/db-4.2.52/java/src/com/sleepycat/db/DbLsn.java
../../external/persistence/db/db-4.2.52/java/src/com/sleepycat/db/DbMemoryException.java
../../external/persistence/db/db-4.2.52/java/src/com/sleepycat/db/DbMpoolFile.java
../../external/persistence/db/db-4.2.52/java/src/com/sleepycat/db/DbMpoolFStat.java
../../external/persistence/db/db-4.2.52/java/src/com/sleepycat/db/DbMpoolStat.java
../../external/persistence/db/db-4.2.52/java/src/com/sleepycat/db/DbMultipleDataIterator.java
../../external/persistence/db/db-4.2.52/java/src/com/sleepycat/db/DbMultipleIterator.java
../../external/persistence/db/db-4.2.52/java/src/com/sleepycat/db/DbMultipleKeyDataIterator.java
../../external/persistence/db/db-4.2.52/java/src/com/sleepycat/db/DbMultipleRecnoDataIterator.java
../../external/persistence/db/db-4.2.52/java/src/com/sleepycat/db/DbPanicHandler.java
../../external/persistence/db/db-4.2.52/java/src/com/sleepycat/db/DbPreplist.java
../../external/persistence/db/db-4.2.52/java/src/com/sleepycat/db/DbQueueStat.java
../../external/persistence/db/db-4.2.52/java/src/com/sleepycat/db/DbRepStat.java
../../external/persistence/db/db-4.2.52/java/src/com/sleepycat/db/DbRepTransport.java
../../external/persistence/db/db-4.2.52/java/src/com/sleepycat/db/DbRunRecoveryException.java
../../external/persistence/db/db-4.2.52/java/src/com/sleepycat/db/DbSecondaryKeyCreate.java
../../external/persistence/db/db-4.2.52/java/src/com/sleepycat/db/Dbt.java
../../external/persistence/db/db-4.2.52/java/src/com/sleepycat/db/DbTxn.java
../../external/persistence/db/db-4.2.52/java/src/com/sleepycat/db/DbTxnStat.java
../../external/persistence/db/db-4.2.52/java/src/com/sleepycat/db/DbUtil.java
../../external/persistence/db/db-4.2.52/java/src/com/sleepycat/db/db_java.java
../../external/persistence/db/db-4.2.52/java/src/com/sleepycat/db/db_javaJNI.java
