../db/db-4.2.52/java/src/com/sleepycat/db/Db.java
../db/db-4.2.52/java/src/com/sleepycat/db/DbAppDispatch.java
../db/db-4.2.52/java/src/com/sleepycat/db/DbAppendRecno.java
../db/db-4.2.52/java/src/com/sleepycat/db/DbBtreeCompare.java
../db/db-4.2.52/java/src/com/sleepycat/db/DbBtreePrefix.java
../db/db-4.2.52/java/src/com/sleepycat/db/DbBtreeStat.java
../db/db-4.2.52/java/src/com/sleepycat/db/Dbc.java
../db/db-4.2.52/java/src/com/sleepycat/db/DbClient.java
../db/db-4.2.52/java/src/com/sleepycat/db/DbDeadlockException.java
../db/db-4.2.52/java/src/com/sleepycat/db/DbDupCompare.java
../db/db-4.2.52/java/src/com/sleepycat/db/DbEnv.java
../db/db-4.2.52/java/src/com/sleepycat/db/DbEnvFeedback.java
../db/db-4.2.52/java/src/com/sleepycat/db/DbEnvFeedbackHandler.java
../db/db-4.2.52/java/src/com/sleepycat/db/DbErrcall.java
../db/db-4.2.52/java/src/com/sleepycat/db/DbErrorHandler.java
../db/db-4.2.52/java/src/com/sleepycat/db/DbException.java
../db/db-4.2.52/java/src/com/sleepycat/db/DbFeedback.java
../db/db-4.2.52/java/src/com/sleepycat/db/DbFeedbackHandler.java
../db/db-4.2.52/java/src/com/sleepycat/db/DbHash.java
../db/db-4.2.52/java/src/com/sleepycat/db/DbHashStat.java
../db/db-4.2.52/java/src/com/sleepycat/db/DbKeyRange.java
../db/db-4.2.52/java/src/com/sleepycat/db/DbLock.java
../db/db-4.2.52/java/src/com/sleepycat/db/DbLockNotGrantedException.java
../db/db-4.2.52/java/src/com/sleepycat/db/DbLockRequest.java
../db/db-4.2.52/java/src/com/sleepycat/db/DbLockStat.java
../db/db-4.2.52/java/src/com/sleepycat/db/DbLogc.java
../db/db-4.2.52/java/src/com/sleepycat/db/DbLogStat.java
../db/db-4.2.52/java/src/com/sleepycat/db/DbLsn.java
../db/db-4.2.52/java/src/com/sleepycat/db/DbMemoryException.java
../db/db-4.2.52/java/src/com/sleepycat/db/DbMpoolFile.java
../db/db-4.2.52/java/src/com/sleepycat/db/DbMpoolFStat.java
../db/db-4.2.52/java/src/com/sleepycat/db/DbMpoolStat.java
../db/db-4.2.52/java/src/com/sleepycat/db/DbMultipleDataIterator.java
../db/db-4.2.52/java/src/com/sleepycat/db/DbMultipleIterator.java
../db/db-4.2.52/java/src/com/sleepycat/db/DbMultipleKeyDataIterator.java
../db/db-4.2.52/java/src/com/sleepycat/db/DbMultipleRecnoDataIterator.java
../db/db-4.2.52/java/src/com/sleepycat/db/DbPanicHandler.java
../db/db-4.2.52/java/src/com/sleepycat/db/DbPreplist.java
../db/db-4.2.52/java/src/com/sleepycat/db/DbQueueStat.java
../db/db-4.2.52/java/src/com/sleepycat/db/DbRepStat.java
../db/db-4.2.52/java/src/com/sleepycat/db/DbRepTransport.java
../db/db-4.2.52/java/src/com/sleepycat/db/DbRunRecoveryException.java
../db/db-4.2.52/java/src/com/sleepycat/db/DbSecondaryKeyCreate.java
../db/db-4.2.52/java/src/com/sleepycat/db/Dbt.java
../db/db-4.2.52/java/src/com/sleepycat/db/DbTxn.java
../db/db-4.2.52/java/src/com/sleepycat/db/DbTxnStat.java
../db/db-4.2.52/java/src/com/sleepycat/db/DbUtil.java
../db/db-4.2.52/java/src/com/sleepycat/db/db_java.java
../db/db-4.2.52/java/src/com/sleepycat/db/db_javaJNI.java
