lucene-1.3-final/src/java/org/apache/lucene/analysis/Analyzer.java
lucene-1.3-final/src/java/org/apache/lucene/analysis/CharTokenizer.java
lucene-1.3-final/src/java/org/apache/lucene/analysis/de/GermanAnalyzer.java
lucene-1.3-final/src/java/org/apache/lucene/analysis/de/GermanStemFilter.java
lucene-1.3-final/src/java/org/apache/lucene/analysis/de/GermanStemmer.java
lucene-1.3-final/src/java/org/apache/lucene/analysis/de/WordlistLoader.java
lucene-1.3-final/src/java/org/apache/lucene/analysis/LetterTokenizer.java
lucene-1.3-final/src/java/org/apache/lucene/analysis/LowerCaseFilter.java
lucene-1.3-final/src/java/org/apache/lucene/analysis/LowerCaseTokenizer.java
lucene-1.3-final/src/java/org/apache/lucene/analysis/PerFieldAnalyzerWrapper.java
lucene-1.3-final/src/java/org/apache/lucene/analysis/PorterStemFilter.java
lucene-1.3-final/src/java/org/apache/lucene/analysis/PorterStemmer.java
lucene-1.3-final/src/java/org/apache/lucene/analysis/ru/RussianAnalyzer.java
lucene-1.3-final/src/java/org/apache/lucene/analysis/ru/RussianCharsets.java
lucene-1.3-final/src/java/org/apache/lucene/analysis/ru/RussianLetterTokenizer.java
lucene-1.3-final/src/java/org/apache/lucene/analysis/ru/RussianLowerCaseFilter.java
lucene-1.3-final/src/java/org/apache/lucene/analysis/ru/RussianStemFilter.java
lucene-1.3-final/src/java/org/apache/lucene/analysis/ru/RussianStemmer.java
lucene-1.3-final/src/java/org/apache/lucene/analysis/SimpleAnalyzer.java
lucene-1.3-final/src/java/org/apache/lucene/analysis/standard/CharStream.java
lucene-1.3-final/src/java/org/apache/lucene/analysis/standard/FastCharStream.java
lucene-1.3-final/src/java/org/apache/lucene/analysis/standard/ParseException.java
lucene-1.3-final/src/java/org/apache/lucene/analysis/standard/StandardAnalyzer.java
lucene-1.3-final/src/java/org/apache/lucene/analysis/standard/StandardFilter.java
lucene-1.3-final/src/java/org/apache/lucene/analysis/standard/StandardTokenizer.java
lucene-1.3-final/src/java/org/apache/lucene/analysis/standard/StandardTokenizerConstants.java
lucene-1.3-final/src/java/org/apache/lucene/analysis/standard/StandardTokenizerTokenManager.java
lucene-1.3-final/src/java/org/apache/lucene/analysis/standard/Token.java
lucene-1.3-final/src/java/org/apache/lucene/analysis/standard/TokenMgrError.java
lucene-1.3-final/src/java/org/apache/lucene/analysis/StopAnalyzer.java
lucene-1.3-final/src/java/org/apache/lucene/analysis/StopFilter.java
lucene-1.3-final/src/java/org/apache/lucene/analysis/Token.java
lucene-1.3-final/src/java/org/apache/lucene/analysis/TokenFilter.java
lucene-1.3-final/src/java/org/apache/lucene/analysis/Tokenizer.java
lucene-1.3-final/src/java/org/apache/lucene/analysis/TokenStream.java
lucene-1.3-final/src/java/org/apache/lucene/analysis/WhitespaceAnalyzer.java
lucene-1.3-final/src/java/org/apache/lucene/analysis/WhitespaceTokenizer.java
lucene-1.3-final/src/java/org/apache/lucene/document/DateField.java
lucene-1.3-final/src/java/org/apache/lucene/document/Document.java
lucene-1.3-final/src/java/org/apache/lucene/document/Field.java
lucene-1.3-final/src/java/org/apache/lucene/index/CompoundFileReader.java
lucene-1.3-final/src/java/org/apache/lucene/index/CompoundFileWriter.java
lucene-1.3-final/src/java/org/apache/lucene/index/DocumentWriter.java
lucene-1.3-final/src/java/org/apache/lucene/index/FieldInfo.java
lucene-1.3-final/src/java/org/apache/lucene/index/FieldInfos.java
lucene-1.3-final/src/java/org/apache/lucene/index/FieldsReader.java
lucene-1.3-final/src/java/org/apache/lucene/index/FieldsWriter.java
lucene-1.3-final/src/java/org/apache/lucene/index/FilterIndexReader.java
lucene-1.3-final/src/java/org/apache/lucene/index/IndexReader.java
lucene-1.3-final/src/java/org/apache/lucene/index/IndexWriter.java
lucene-1.3-final/src/java/org/apache/lucene/index/MultipleTermPositions.java
lucene-1.3-final/src/java/org/apache/lucene/index/SegmentInfo.java
lucene-1.3-final/src/java/org/apache/lucene/index/SegmentInfos.java
lucene-1.3-final/src/java/org/apache/lucene/index/SegmentMergeInfo.java
lucene-1.3-final/src/java/org/apache/lucene/index/SegmentMergeQueue.java
lucene-1.3-final/src/java/org/apache/lucene/index/SegmentMerger.java
lucene-1.3-final/src/java/org/apache/lucene/index/SegmentReader.java
lucene-1.3-final/src/java/org/apache/lucene/index/SegmentsReader.java
lucene-1.3-final/src/java/org/apache/lucene/index/SegmentTermDocs.java
lucene-1.3-final/src/java/org/apache/lucene/index/SegmentTermEnum.java
lucene-1.3-final/src/java/org/apache/lucene/index/SegmentTermPositions.java
lucene-1.3-final/src/java/org/apache/lucene/index/Term.java
lucene-1.3-final/src/java/org/apache/lucene/index/TermDocs.java
lucene-1.3-final/src/java/org/apache/lucene/index/TermEnum.java
lucene-1.3-final/src/java/org/apache/lucene/index/TermInfo.java
lucene-1.3-final/src/java/org/apache/lucene/index/TermInfosReader.java
lucene-1.3-final/src/java/org/apache/lucene/index/TermInfosWriter.java
lucene-1.3-final/src/java/org/apache/lucene/index/TermPositions.java
lucene-1.3-final/src/java/org/apache/lucene/queryParser/CharStream.java
lucene-1.3-final/src/java/org/apache/lucene/queryParser/FastCharStream.java
lucene-1.3-final/src/java/org/apache/lucene/queryParser/MultiFieldQueryParser.java
lucene-1.3-final/src/java/org/apache/lucene/queryParser/ParseException.java
lucene-1.3-final/src/java/org/apache/lucene/queryParser/QueryParser.java
lucene-1.3-final/src/java/org/apache/lucene/queryParser/QueryParserConstants.java
lucene-1.3-final/src/java/org/apache/lucene/queryParser/QueryParserTokenManager.java
lucene-1.3-final/src/java/org/apache/lucene/queryParser/Token.java
lucene-1.3-final/src/java/org/apache/lucene/queryParser/TokenMgrError.java
lucene-1.3-final/src/java/org/apache/lucene/search/BooleanClause.java
lucene-1.3-final/src/java/org/apache/lucene/search/BooleanQuery.java
lucene-1.3-final/src/java/org/apache/lucene/search/BooleanScorer.java
lucene-1.3-final/src/java/org/apache/lucene/search/CachingWrapperFilter.java
lucene-1.3-final/src/java/org/apache/lucene/search/DateFilter.java
lucene-1.3-final/src/java/org/apache/lucene/search/DefaultSimilarity.java
lucene-1.3-final/src/java/org/apache/lucene/search/ExactPhraseScorer.java
lucene-1.3-final/src/java/org/apache/lucene/search/Explanation.java
lucene-1.3-final/src/java/org/apache/lucene/search/Filter.java
lucene-1.3-final/src/java/org/apache/lucene/search/FilteredTermEnum.java
lucene-1.3-final/src/java/org/apache/lucene/search/FuzzyQuery.java
lucene-1.3-final/src/java/org/apache/lucene/search/FuzzyTermEnum.java
lucene-1.3-final/src/java/org/apache/lucene/search/HitCollector.java
lucene-1.3-final/src/java/org/apache/lucene/search/HitQueue.java
lucene-1.3-final/src/java/org/apache/lucene/search/Hits.java
lucene-1.3-final/src/java/org/apache/lucene/search/IndexSearcher.java
lucene-1.3-final/src/java/org/apache/lucene/search/MultiSearcher.java
lucene-1.3-final/src/java/org/apache/lucene/search/MultiTermQuery.java
lucene-1.3-final/src/java/org/apache/lucene/search/PhrasePositions.java
lucene-1.3-final/src/java/org/apache/lucene/search/PhrasePrefixQuery.java
lucene-1.3-final/src/java/org/apache/lucene/search/PhraseQuery.java
lucene-1.3-final/src/java/org/apache/lucene/search/PhraseQueue.java
lucene-1.3-final/src/java/org/apache/lucene/search/PhraseScorer.java
lucene-1.3-final/src/java/org/apache/lucene/search/PrefixQuery.java
lucene-1.3-final/src/java/org/apache/lucene/search/Query.java
lucene-1.3-final/src/java/org/apache/lucene/search/QueryFilter.java
lucene-1.3-final/src/java/org/apache/lucene/search/RangeQuery.java
lucene-1.3-final/src/java/org/apache/lucene/search/RemoteSearchable.java
lucene-1.3-final/src/java/org/apache/lucene/search/ScoreDoc.java
lucene-1.3-final/src/java/org/apache/lucene/search/Scorer.java
lucene-1.3-final/src/java/org/apache/lucene/search/Searchable.java
lucene-1.3-final/src/java/org/apache/lucene/search/Searcher.java
lucene-1.3-final/src/java/org/apache/lucene/search/Similarity.java
lucene-1.3-final/src/java/org/apache/lucene/search/SloppyPhraseScorer.java
lucene-1.3-final/src/java/org/apache/lucene/search/TermQuery.java
lucene-1.3-final/src/java/org/apache/lucene/search/TermScorer.java
lucene-1.3-final/src/java/org/apache/lucene/search/TopDocs.java
lucene-1.3-final/src/java/org/apache/lucene/search/Weight.java
lucene-1.3-final/src/java/org/apache/lucene/search/WildcardQuery.java
lucene-1.3-final/src/java/org/apache/lucene/search/WildcardTermEnum.java
lucene-1.3-final/src/java/org/apache/lucene/store/Directory.java
lucene-1.3-final/src/java/org/apache/lucene/store/FSDirectory.java
lucene-1.3-final/src/java/org/apache/lucene/store/InputStream.java
lucene-1.3-final/src/java/org/apache/lucene/store/Lock.java
lucene-1.3-final/src/java/org/apache/lucene/store/OutputStream.java
lucene-1.3-final/src/java/org/apache/lucene/store/RAMDirectory.java
lucene-1.3-final/src/java/org/apache/lucene/util/Arrays.java
lucene-1.3-final/src/java/org/apache/lucene/util/BitVector.java
lucene-1.3-final/src/java/org/apache/lucene/util/Constants.java
lucene-1.3-final/src/java/org/apache/lucene/util/PriorityQueue.java
